../Middlewares/Third_Party/MQTT/MQTTInterface.c:134:14:my_debug	24	static
../Middlewares/Third_Party/MQTT/MQTTInterface.c:143:5:net_init	40	static
../Middlewares/Third_Party/MQTT/MQTTInterface.c:198:5:net_connect	144	static
../Middlewares/Third_Party/MQTT/MQTTInterface.c:325:5:net_read	40	static
../Middlewares/Third_Party/MQTT/MQTTInterface.c:353:5:net_write	32	static
../Middlewares/Third_Party/MQTT/MQTTInterface.c:370:6:net_disconnect	24	static
../Middlewares/Third_Party/MQTT/MQTTInterface.c:382:6:net_clear	8	static
../Middlewares/Third_Party/MQTT/MQTTInterface.c:399:6:TimerIsExpired	24	static
../Middlewares/Third_Party/MQTT/MQTTInterface.c:404:6:TimerCountdownMS	16	static
../Middlewares/Third_Party/MQTT/MQTTInterface.c:408:6:TimerCountdown	16	static
../Middlewares/Third_Party/MQTT/MQTTInterface.c:412:5:TimerLeftMS	24	static
../Middlewares/Third_Party/MQTT/MQTTInterface.c:417:6:TimerInit	16	static
